// Jest Snapshot v1, https://goo.gl/fbAQLP

exports[`Display Table renders the DisplayTable 1`] = `ShallowWrapper {}`;
